Application bundle generation failed. [2.068 seconds] - 2026-01-12T18:01:35.144Z

node.exe : 
[1m[33m[33mΓû▓ [43;33m[
[43;30mWARNING[43;33m][0m 
[1mNG8103: The `*ngIf` 
directive was used in the 
template, but neither the 
`NgIf` directive nor the 
`CommonModule` was 
imported. Use Angular's 
built-in control flow @if 
or make sure that either 
the `NgIf` directive or the 
`CommonModule` is included 
in the `@Component.imports` 
array of this 
component.[0m 
[1m[35m[plugin 
angular-compiler][0m
At line:1 char:1
+ & "C:\Program 
Files\nodejs/node.exe" 
"C:\Program 
Files\nodejs/node_mo ...
+ ~~~~~~~~~~~~~~~~~~~~~~~~~~
~~~~~~~~~~~~~~~~~~~~~~~~~~~~
~~~~~~~~~~~~~~~
    + CategoryInfo          
    : NotSpecified: ([1m  
  [33m[33mΓ...r-compiler   
 ][0m:String) [], Remot    
eException
    + FullyQualifiedErrorId 
    : NativeCommandError
 

    src/app/components/navba
r/navbar.html:15:39:
[37m      15 Γöé ...   
<span class="badge-count" *
[32mngIf[37m="cartService.t
otalItems() > ...
         Γò╡                
                  
[32m~~~~[0m

  Warning occurs in the 
template of component 
Navbar.

    src/app/components/navba
r/navbar.ts:13:15:
[37m      13 Γöé   
templateUrl: 
[32m'./navbar.html'[37m,
         Γò╡                
[32m~~~~~~~~~~~~~~~[0m

[39m[22m
[1m[31m[31mX [41;31m[[4
1;97mERROR[41;31m][0m 
[1mTS2322: Type '"center"' 
is not assignable to type 
'"start" | "end"'.[0m 
[1m[35m[plugin 
angular-compiler][0m

    src/app/components/admin
/admin.html:21:30:
[37m      21 Γöé           
  <mat-card-actions 
[32malign[37m="center">
         Γò╡                
               
[32m~~~~~[0m

  Error occurs in the 
template of component Admin.

    src/app/components/admin
/admin.ts:25:15:
[37m      25 Γöé   
templateUrl: 
[32m'./admin.html'[37m,
         Γò╡                
[32m~~~~~~~~~~~~~~[0m

[39m[22m
